Microchip MPLAB XC8 Compiler V2.46

Linker command line:

-W-3 \
  --edf=C:\Program Files\Microchip\xc8\v2.46\pic\dat\20240104201356_en.msgs \
  -cn -h+dist/default/debug\pic18f56q71_iopins_lib.X.debug.sym \
  --cmf=dist/default/debug\pic18f56q71_iopins_lib.X.debug.cmf -z -Q18F56Q71 \
  -oC:\Users\ihate\AppData\Local\Temp\xcAssio.\driver_tmp_3.o \
  --defsym=__MPLAB_BUILD=1 --fixupoverflow=error \
  -Mdist/default/debug/pic18f56q71_iopins_lib.X.debug.map \
  --md=C:\Users\ihate\AppData\Local\Temp\xcAssio.\driver_tmp_0.dat -E1 \
  -ver=XC8 Compiler --acfsm=1493 -ACODE=00h-0FFFFh -ACONST=00h-0FFFFh \
  -ASMALLCONST=01500h-015FFhx235 -AMEDIUMCONST=01500h-0FFFFh \
  -ACOMRAM=0501h-055Fh -AABS1=0500h-014FFh -ABIGRAM=0501h-014FFh \
  -ARAM=0560h-05FFh,0600h-06FFhx15 -ABANK5=0560h-05FFh -ABANK6=0600h-06FFh \
  -ABANK7=0700h-07FFh -ABANK8=0800h-08FFh -ABANK9=0900h-09FFh \
  -ABANK10=0A00h-0AFFh -ABANK11=0B00h-0BFFh -ABANK12=0C00h-0CFFh \
  -ABANK13=0D00h-0DFFh -ABANK14=0E00h-0EFFh -ABANK15=0F00h-0FFFh \
  -ABANK16=01000h-010FFh -ABANK17=01100h-011FFh -ABANK18=01200h-012FFh \
  -ABANK19=01300h-013FFh -ABANK20=01400h-014FFh \
  -ASFR=00h-0FFhx4,0400h-045Fh,0460h-04FFh,01500h-015FFh \
  -ABIGSFR=00h-04FFh,01500h-015FFh -ACONFIG=0300000h-030000Bh \
  -AIDLOC=0200000h-020003Fh -AEEDATA=0380000h-03800FFh -peeprom_data=EEDATA \
  -preset_vec=00h -ppowerup=CODE,init -pramtop=01500h \
  -psmallconst=SMALLCONST -pmediumconst=MEDIUMCONST -pconst=CONST \
  -AFARRAM=00h-00h \
  -prdata=COMRAM,nvrram=COMRAM,nvbit=COMRAM,rbss=COMRAM,rbit=COMRAM \
  -pfarbss=FARRAM,fardata=FARRAM,nvFARRAM=FARRAM \
  -pintsave_regs=BIGRAM,bigbss=BIGRAM,bigdata=BIGRAM -pbss=RAM \
  -pidata=CODE,irdata=CODE,ibigdata=CODE,ifardata=CODE -prparam=COMRAM \
  C:\Users\ihate\AppData\Local\Temp\xcAssio.\driver_tmp_9.o \
  dist/default/debug\pic18f56q71_iopins_lib.X.debug.o 

Object code version is 3.11

Machine type is 18F56Q71



                Name                               Link     Load   Length Selector   Space Scale
C:\Users\ihate\AppData\Local\Temp\xcAssio.\driver_tmp_9.o
                config                           300000   300000        B        0       4
                init                               FFFC     FFFC        4     7FFE       0
                reset_vec                             0        0        4        0       0
dist/default/debug\pic18f56q71_iopins_lib.X.debug.o
                config                           300000   300000        B        0       4
                smallconst                         1500     1500        2      A80       0
                text12                             1A38     1A38       48      A81       0
                text11                             19E2     19E2       56      A81       0
                text10                             1AD0     1AD0        C      A81       0
                text9                              1AFA     1AFA        A      A81       0
                text8                              1AC4     1AC4        C      A81       0
                text7                              1AF0     1AF0        A      A81       0
                text6                              1AB8     1AB8        C      A81       0
                text5                              1AE6     1AE6        A      A81       0
                text4                              1502     1502      2A2      A81       0
                text3                              1AAC     1AAC        C      A81       0
                text2                              1ADC     1ADC        A      A81       0
                text1                              1972     1972       70      A81       0
                text0                              17A4     17A4      1CE      A81       0
                cstackCOMRAM                        501      501       1B      501       1
                dataCOMRAM                          51C      51C        9      501       1
                bssCOMRAM                           525      525        1      501       1
                cinit                              1A80     1A80       2C      A81       0
                idataCOMRAM                        1B04     1B04        9      A81       0

TOTAL           Name                               Link     Load   Length     Space
        CLASS   CODE           
                init                               FFFC     FFFC        4         0
                reset_vec                             0        0        4         0
                text12                             1A38     1A38       48         0
                text11                             19E2     19E2       56         0
                text10                             1AD0     1AD0        C         0
                text9                              1AFA     1AFA        A         0
                text8                              1AC4     1AC4        C         0
                text7                              1AF0     1AF0        A         0
                text6                              1AB8     1AB8        C         0
                text5                              1AE6     1AE6        A         0
                text4                              1502     1502      2A2         0
                text3                              1AAC     1AAC        C         0
                text2                              1ADC     1ADC        A         0
                text1                              1972     1972       70         0
                text0                              17A4     17A4      1CE         0
                cinit                              1A80     1A80       2C         0
                idataCOMRAM                        1B04     1B04        9         0

        CLASS   CONST          

        CLASS   SMALLCONST     
                smallconst                         1500     1500        2         0

        CLASS   MEDIUMCONST    

        CLASS   COMRAM         
                cstackCOMRAM                        501      501       1B         1
                dataCOMRAM                          51C      51C        9         1
                bssCOMRAM                           525      525        1         1

        CLASS   ABS1           

        CLASS   BIGRAM         

        CLASS   RAM            

        CLASS   BANK5          

        CLASS   BANK6          

        CLASS   BANK7          

        CLASS   BANK8          

        CLASS   BANK9          

        CLASS   BANK10         

        CLASS   BANK11         

        CLASS   BANK12         

        CLASS   BANK13         

        CLASS   BANK14         

        CLASS   BANK15         

        CLASS   BANK16         

        CLASS   BANK17         

        CLASS   BANK18         

        CLASS   BANK19         

        CLASS   BANK20         

        CLASS   SFR            

        CLASS   BIGSFR         

        CLASS   CONFIG         
                config                           300000   300000        B         4

        CLASS   IDLOC          

        CLASS   EEDATA         

        CLASS   FARRAM         

        CLASS   HEAP           

        CLASS   STACK          



SEGMENTS        Name                           Load    Length   Top    Selector   Space  Class

                reset_vec                      000000  000004  000004         0       0  CODE    
                cstackCOMRAM                   000501  000025  000526       501       1  COMRAM  
                smallconst                     001500  000002  001502       A80       0  SMALLCON
                text4                          001502  00060B  001B0D       A81       0  CODE    
                init                           00FFFC  000004  010000      7FFE       0  CODE    


UNUSED ADDRESS RANGES

        Name                Unused          Largest block    Delta
        BANK10           000A00-000AFF              100
        BANK11           000B00-000BFF              100
        BANK12           000C00-000CFF              100
        BANK13           000D00-000DFF              100
        BANK14           000E00-000EFF              100
        BANK15           000F00-000FFF              100
        BANK16           001000-0010FF              100
        BANK17           001100-0011FF              100
        BANK18           001200-0012FF              100
        BANK19           001300-0013FF              100
        BANK20           001400-0014FF              100
        BANK5            000560-0005FF               A0
        BANK6            000600-0006FF              100
        BANK7            000700-0007FF              100
        BANK8            000800-0008FF              100
        BANK9            000900-0009FF              100
        BIGRAM           000526-0014FF              FDA
        BIGSFR           000000-0004FF              500
                         001500-0015FF              100
        CODE             000004-0014FF             14FC
                         001B0D-00FFFB             E4EF
        COMRAM           000526-00055F               3A
        CONFIG           30000B-30000B                1
        CONST            000004-0014FF             14FC
                         001B0D-00FFFB             E4EF
        EEDATA           380000-3800FF              100
        IDLOC            200000-20003F               40
        MEDIUMCONST      001B0D-00FFFB             E4EF
        RAM              000560-0014FF              100
        SFR              000000-0004FF              100
                         001500-0015FF              100
        SMALLCONST       001B0D-00FFFB              100

                                  Symbol Table

IOPINS_bPinAInterruptRead@u8PinMask   cstackCOMRAM 000502
IOPINS_vMaskGenerator@idx             cstackCOMRAM 000509
IOPINS_vMaskGenerator@u8PinList       cstackCOMRAM 000501
IOPINS_vMaskGenerator@u8PinMask       cstackCOMRAM 000504
IOPINS_vMaskGenerator@u8Pins          cstackCOMRAM 000503
IOPINS_vMaskGenerator@u8TempMask      cstackCOMRAM 000508
IOPINS_vPortAClear@u8PinMask          cstackCOMRAM 000501
IOPINS_vPortASet@u8PinMask            cstackCOMRAM 000501
IOPINS_vPortBClear@u8PinMask          cstackCOMRAM 000501
IOPINS_vPortBSet@u8PinMask            cstackCOMRAM 000501
IOPINS_vPortCClear@u8PinMask          cstackCOMRAM 000501
IOPINS_vPortCSet@u8PinMask            cstackCOMRAM 000501
IOPINS_vPortConfig@bInputLevelSel     cstackCOMRAM 000504
IOPINS_vPortConfig@bWeakPU            cstackCOMRAM 000503
IOPINS_vPortConfig@u8Direction        cstackCOMRAM 000502
IOPINS_vPortConfig@u8PinMask          cstackCOMRAM 000501
IOPINS_vPortConfig@u8Port             cstackCOMRAM 000505
IOPINS_vPortDClear@u8PinMask          cstackCOMRAM 000501
IOPINS_vPortDSet@u8PinMask            cstackCOMRAM 000501
IOPINS_vPortInterruptConfig@bEdge     cstackCOMRAM 000502
IOPINS_vPortInterruptConfig@u8PinMask cstackCOMRAM 000501
IOPINS_vPortInterruptConfig@u8Port    cstackCOMRAM 000503
_INLVLA                               (abs)        000404
_INLVLB                               (abs)        00040C
_INLVLC                               (abs)        000414
_INLVLD                               (abs)        00041C
_INLVLE                               (abs)        000424
_INLVLF                               (abs)        00042C
_IOCAF                                (abs)        000407
_IOCAN                                (abs)        000406
_IOCAP                                (abs)        000405
_IOPINS_bPinAInterruptRead            text12       001A38
_IOPINS_bPinAInterruptRead$173        cstackCOMRAM 000501
_IOPINS_vMaskGenerator                text11       0019E2
_IOPINS_vPortAClear                   text10       001AD0
_IOPINS_vPortASet                     text9        001AFA
_IOPINS_vPortBClear                   text8        001AC4
_IOPINS_vPortBSet                     text7        001AF0
_IOPINS_vPortCClear                   text6        001AB8
_IOPINS_vPortCSet                     text5        001AE6
_IOPINS_vPortConfig                   text4        001502
_IOPINS_vPortDClear                   text3        001AAC
_IOPINS_vPortDSet                     text2        001ADC
_IOPINS_vPortInterruptConfig          text1        001972
_LATA                                 (abs)        000140
_LATB                                 (abs)        000141
_LATC                                 (abs)        000142
_LATD                                 (abs)        000143
_LATE                                 (abs)        000144
_LATF                                 (abs)        000145
_PORTA                                (abs)        000150
_PORTB                                (abs)        000151
_PORTC                                (abs)        000152
_PORTD                                (abs)        000153
_PORTE                                (abs)        000154
_PORTF                                (abs)        000155
_TRISA                                (abs)        000148
_TRISB                                (abs)        000149
_TRISC                                (abs)        00014A
_TRISD                                (abs)        00014B
_TRISE                                (abs)        00014C
_TRISF                                (abs)        00014D
_WPUA                                 (abs)        000401
_WPUB                                 (abs)        000409
_WPUC                                 (abs)        000411
_WPUD                                 (abs)        000419
_WPUE                                 (abs)        000421
_WPUF                                 (abs)        000429
__HRAM                                (abs)        000000
__H__absolute__                       __absolute__ 000000
__Habs1                               abs1         000000
__Hbank10                             bank10       000000
__Hbank11                             bank11       000000
__Hbank12                             bank12       000000
__Hbank13                             bank13       000000
__Hbank14                             bank14       000000
__Hbank15                             bank15       000000
__Hbank16                             bank16       000000
__Hbank17                             bank17       000000
__Hbank18                             bank18       000000
__Hbank19                             bank19       000000
__Hbank20                             bank20       000000
__Hbank5                              bank5        000000
__Hbank6                              bank6        000000
__Hbank7                              bank7        000000
__Hbank8                              bank8        000000
__Hbank9                              bank9        000000
__Hbigbss                             bigbss       000000
__Hbigdata                            bigdata      000000
__Hbigram                             bigram       000000
__Hbigsfr                             bigsfr       000000
__Hbss                                bss          000000
__HbssCOMRAM                          bssCOMRAM    000000
__Hcinit                              cinit        000000
__Hclrtext                            clrtext      000000
__Hcomram                             comram       000000
__Hconfig                             config       30000B
__Hconst                              const        000000
__HcstackCOMRAM                       cstackCOMRAM 000000
__Hdata                               data         000000
__HdataCOMRAM                         dataCOMRAM   000000
__Heeprom_data                        eeprom_data  000000
__Hfarbss                             farbss       000000
__Hfardata                            fardata      000000
__Hheap                               heap         000000
__Hibigdata                           ibigdata     000000
__Hidata                              idata        000000
__HidataCOMRAM                        idataCOMRAM  000000
__Hidloc                              idloc        000000
__Hifardata                           ifardata     000000
__Hinit                               init         010000
__Hintsave_regs                       intsave_regs 000000
__Hirdata                             irdata       000000
__Hmediumconst                        mediumconst  000000
__HnvFARRAM                           nvFARRAM     000000
__Hnvbit                              nvbit        000000
__Hnvrram                             nvrram       000000
__Hparam                              rparam       000000
__Hpowerup                            powerup      000000
__Hram                                ram          000000
__Hramtop                             ramtop       001500
__Hrbit                               rbit         000000
__Hrbss                               rbss         000000
__Hrdata                              rdata        000000
__Hreset_vec                          reset_vec    000004
__Hrparam                             rparam       000000
__Hsfr                                sfr          000000
__Hsmallconst                         smallconst   001502
__Hspace_0                            (abs)        010000
__Hspace_1                            (abs)        000526
__Hspace_2                            (abs)        000000
__Hspace_4                            (abs)        60000B
__Hstack                              stack        000000
__Hstruct                             struct       000000
__Htemp                               temp         000000
__Htext                               text         000000
__Htext0                              text0        000000
__Htext1                              text1        000000
__Htext10                             text10       000000
__Htext11                             text11       000000
__Htext12                             text12       000000
__Htext2                              text2        000000
__Htext3                              text3        000000
__Htext4                              text4        000000
__Htext5                              text5        000000
__Htext6                              text6        000000
__Htext7                              text7        000000
__Htext8                              text8        000000
__Htext9                              text9        000000
__LRAM                                (abs)        000001
__L__absolute__                       __absolute__ 000000
__Labs1                               abs1         000000
__Lbank10                             bank10       000000
__Lbank11                             bank11       000000
__Lbank12                             bank12       000000
__Lbank13                             bank13       000000
__Lbank14                             bank14       000000
__Lbank15                             bank15       000000
__Lbank16                             bank16       000000
__Lbank17                             bank17       000000
__Lbank18                             bank18       000000
__Lbank19                             bank19       000000
__Lbank20                             bank20       000000
__Lbank5                              bank5        000000
__Lbank6                              bank6        000000
__Lbank7                              bank7        000000
__Lbank8                              bank8        000000
__Lbank9                              bank9        000000
__Lbigbss                             bigbss       000000
__Lbigdata                            bigdata      000000
__Lbigram                             bigram       000000
__Lbigsfr                             bigsfr       000000
__Lbss                                bss          000000
__LbssCOMRAM                          bssCOMRAM    000000
__Lcinit                              cinit        000000
__Lclrtext                            clrtext      000000
__Lcomram                             comram       000000
__Lconfig                             config       000000
__Lconst                              const        000000
__LcstackCOMRAM                       cstackCOMRAM 000000
__Ldata                               data         000000
__LdataCOMRAM                         dataCOMRAM   000000
__Leeprom_data                        eeprom_data  000000
__Lfarbss                             farbss       000000
__Lfardata                            fardata      000000
__Lheap                               heap         000000
__Libigdata                           ibigdata     000000
__Lidata                              idata        000000
__LidataCOMRAM                        idataCOMRAM  000000
__Lidloc                              idloc        000000
__Lifardata                           ifardata     000000
__Linit                               init         00FFFC
__Lintsave_regs                       intsave_regs 000000
__Lirdata                             irdata       000000
__Lmediumconst                        mediumconst  000000
__LnvFARRAM                           nvFARRAM     000000
__Lnvbit                              nvbit        000000
__Lnvrram                             nvrram       000000
__Lparam                              rparam       000000
__Lpowerup                            powerup      000000
__Lram                                ram          000000
__Lramtop                             ramtop       001500
__Lrbit                               rbit         000000
__Lrbss                               rbss         000000
__Lrdata                              rdata        000000
__Lreset_vec                          reset_vec    000000
__Lrparam                             rparam       000000
__Lsfr                                sfr          000000
__Lsmallconst                         smallconst   001500
__Lspace_0                            (abs)        000000
__Lspace_1                            (abs)        000000
__Lspace_2                            (abs)        000000
__Lspace_4                            (abs)        000000
__Lstack                              stack        000000
__Lstruct                             struct       000000
__Ltemp                               temp         000000
__Ltext                               text         000000
__Ltext0                              text0        000000
__Ltext1                              text1        000000
__Ltext10                             text10       000000
__Ltext11                             text11       000000
__Ltext12                             text12       000000
__Ltext2                              text2        000000
__Ltext3                              text3        000000
__Ltext4                              text4        000000
__Ltext5                              text5        000000
__Ltext6                              text6        000000
__Ltext7                              text7        000000
__Ltext8                              text8        000000
__Ltext9                              text9        000000
__S0                                  (abs)        010000
__S1                                  (abs)        000526
__S4                                  (abs)        000000
__S5                                  (abs)        000000
___heap_hi                            (abs)        000000
___heap_lo                            (abs)        000000
___inthi_sp                           stack        000000
___inthi_stack_hi                     stack        000000
___inthi_stack_lo                     stack        000000
___intlo_sp                           stack        000000
___intlo_stack_hi                     stack        000000
___intlo_stack_lo                     stack        000000
___param_bank                         (abs)        000000
___rparam_used                        (abs)        000001
___sp                                 stack        000000
___stack_hi                           stack        000000
___stack_lo                           stack        000000
__accesstop                           (abs)        000560
__activetblptr                        (abs)        000002
__end_of_IOPINS_bPinAInterruptRead    text12       001A80
__end_of_IOPINS_vMaskGenerator        text11       001A38
__end_of_IOPINS_vPortAClear           text10       001ADC
__end_of_IOPINS_vPortASet             text9        001B04
__end_of_IOPINS_vPortBClear           text8        001AD0
__end_of_IOPINS_vPortBSet             text7        001AFA
__end_of_IOPINS_vPortCClear           text6        001AC4
__end_of_IOPINS_vPortCSet             text5        001AF0
__end_of_IOPINS_vPortConfig           text4        0017A4
__end_of_IOPINS_vPortDClear           text3        001AB8
__end_of_IOPINS_vPortDSet             text2        001AE6
__end_of_IOPINS_vPortInterruptConfig  text1        0019E2
__end_of__initialization              cinit        001AA2
__end_of_main                         text0        001972
__initialization                      cinit        001A80
__mediumconst                         mediumconst  000000
__pbssCOMRAM                          bssCOMRAM    000525
__pcinit                              cinit        001A80
__pcstackCOMRAM                       cstackCOMRAM 000501
__pdataCOMRAM                         dataCOMRAM   00051C
__pidataCOMRAM                        idataCOMRAM  001B04
__psmallconst                         smallconst   001500
__ptext0                              text0        0017A4
__ptext1                              text1        001972
__ptext10                             text10       001AD0
__ptext11                             text11       0019E2
__ptext12                             text12       001A38
__ptext2                              text2        001ADC
__ptext3                              text3        001AAC
__ptext4                              text4        001502
__ptext5                              text5        001AE6
__ptext6                              text6        001AB8
__ptext7                              text7        001AF0
__ptext8                              text8        001AC4
__ptext9                              text9        001AFA
__ramtop                              ramtop       001500
__smallconst                          smallconst   001500
_main                                 text0        0017A4
end_of_initialization                 cinit        001AA2
intlevel0                             text         000000
intlevel1                             text         000000
intlevel2                             text         000000
intlevel3                             text         000000
isa$std                               (abs)        000001
isa$xinst                             (abs)        000000
main@F16287                           dataCOMRAM   000524
main@F16291                           dataCOMRAM   000522
main@F16293                           dataCOMRAM   000520
main@F16295                           dataCOMRAM   00051C
main@bState                           cstackCOMRAM 000512
main@i                                cstackCOMRAM 00051A
main@u8Mask1                          cstackCOMRAM 000515
main@u8Mask2                          cstackCOMRAM 000516
main@u8MaskPortA                      cstackCOMRAM 000517
main@u8MaskPortB                      cstackCOMRAM 000518
main@u8MaskPortD                      cstackCOMRAM 000519
main@u8PinList1                       cstackCOMRAM 000513
main@u8PinList2                       cstackCOMRAM 000514
main@u8PinListPortA                   cstackCOMRAM 00050E
main@u8PinListPortB                   cstackCOMRAM 000510
main@u8PinListPortD                   cstackCOMRAM 00050A
stackhi                               (abs)        000000
stacklo                               (abs)        000000
start                                 init         00FFFC
start_initialization                  cinit        001A80


MODULE INFORMATION

Module		Function		Class		Link	Load	Size
IOPINS.c
		_IOPINS_vPortConfig		CODE           	1502	0000	674
		_IOPINS_vPortAClear		CODE           	1AD0	0000	12
		_IOPINS_vPortBClear		CODE           	1AC4	0000	12
		_IOPINS_vPortCClear		CODE           	1AB8	0000	12
		_IOPINS_vPortDClear		CODE           	1AAC	0000	12
		_IOPINS_vMaskGenerator		CODE           	19E2	0000	86
		_IOPINS_vPortInterruptConfig		CODE           	1972	0000	112
		_IOPINS_bPinAInterruptRead		CODE           	1A38	0000	72
		_IOPINS_vPortASet		CODE           	1AFA	0000	10
		_IOPINS_vPortBSet		CODE           	1AF0	0000	10
		_IOPINS_vPortCSet		CODE           	1AE6	0000	10
		_IOPINS_vPortDSet		CODE           	1ADC	0000	10

IOPINS.c estimated size: 1032

shared
		__initialization		CODE           	1A80	0000	34

shared estimated size: 34

main.c
		_main          		CODE           	17A4	0000	462

main.c estimated size: 462

